=== Task 6 app fix evidence ===
POSTGRES_DSN=postgresql://app:app_dev_only@localhost:5434/ciphcrest

--- grep _last_result read branch ---
has if _last_result branch: False (expected False)
grep -n _last_result: 10 lines (write path only)

--- GET /flows after fresh seed ---
GET /api/flows status 200
length 49
first flow_id family-01

--- POST /analyze family-01.pcap ---
POST status 200
POST returned 1 flows
flow_id family-01

--- GET /flows after analyze (should still >=10 not 1) ---
GET status 200 length 49
PASS: second GET still >=10 not singleton 1 (bug fix)

--- second POST + GET still siblings ---
GET after second analyze length 49

--- Content-Length guard ---
POST large Content-Length 101MB status 413 (expected 413)

--- ws + report checks ---
GET /api/report status 200 flows 50 summary keys ['proto_counts', 'starttls_modes', 'deprecated_count', 'opaque_count', 'posture', 'risk_dist', 'policy_dist']

--- pg_notify check ---
pg_notify present: True
broadcaster single queue.put: True
lifespan present: True
Content-Length pre-check present: True

Wrote .omo/evidence/postgres-pcap-store/task-6-app-fix.curl.log
