Wrote /home/shreyas/projects/CipherCrest/lab/pcaps/family-11.pcap fixture family-11.json GREASE-filtered coherent
Wrote /home/shreyas/projects/CipherCrest/lab/pcaps/family-12.pcap fixture family-12.json GREASE-filtered coherent
Wrote /home/shreyas/projects/CipherCrest/lab/pcaps/family-13.pcap fixture family-13.json GREASE-filtered coherent
Wrote /home/shreyas/projects/CipherCrest/lab/pcaps/family-14.pcap fixture family-14.json GREASE-filtered coherent
Wrote /home/shreyas/projects/CipherCrest/lab/pcaps/family-15.pcap fixture family-15.json GREASE-filtered coherent
Wrote /home/shreyas/projects/CipherCrest/lab/pcaps/family-16.pcap fixture family-16.json GREASE-filtered coherent
Wrote /home/shreyas/projects/CipherCrest/lab/pcaps/family-17.pcap fixture family-17.json GREASE-filtered coherent
Wrote /home/shreyas/projects/CipherCrest/lab/pcaps/family-18.pcap fixture family-18.json GREASE-filtered coherent
Wrote /home/shreyas/projects/CipherCrest/lab/pcaps/family-19.pcap fixture family-19.json GREASE-filtered coherent
Wrote /home/shreyas/projects/CipherCrest/lab/pcaps/family-20.pcap fixture family-20.json GREASE-filtered coherent
Wrote /home/shreyas/projects/CipherCrest/lab/pcaps/family-21.pcap fixture family-21.json GREASE-filtered coherent
Wrote /home/shreyas/projects/CipherCrest/lab/pcaps/family-22.pcap fixture family-22.json GREASE-filtered coherent
Wrote /home/shreyas/projects/CipherCrest/lab/pcaps/family-23.pcap fixture family-23.json GREASE-filtered coherent
Wrote /home/shreyas/projects/CipherCrest/lab/pcaps/family-24.pcap fixture family-24.json GREASE-filtered coherent
Wrote /home/shreyas/projects/CipherCrest/lab/pcaps/family-25.pcap fixture family-25.json GREASE-filtered coherent
Wrote /home/shreyas/projects/CipherCrest/lab/pcaps/family-26.pcap fixture family-26.json GREASE-filtered coherent
Wrote /home/shreyas/projects/CipherCrest/lab/pcaps/family-27.pcap fixture family-27.json GREASE-filtered coherent
Wrote /home/shreyas/projects/CipherCrest/lab/pcaps/family-28.pcap fixture family-28.json GREASE-filtered coherent
Wrote /home/shreyas/projects/CipherCrest/lab/pcaps/family-29.pcap fixture family-29.json GREASE-filtered coherent
Wrote /home/shreyas/projects/CipherCrest/lab/pcaps/family-30.pcap fixture family-30.json GREASE-filtered coherent
Wrote /home/shreyas/projects/CipherCrest/lab/pcaps/family-31.pcap fixture family-31.json GREASE-filtered coherent
Wrote /home/shreyas/projects/CipherCrest/lab/pcaps/family-32.pcap fixture family-32.json GREASE-filtered coherent
Wrote /home/shreyas/projects/CipherCrest/lab/pcaps/family-33.pcap fixture family-33.json GREASE-filtered coherent
Wrote /home/shreyas/projects/CipherCrest/lab/pcaps/family-34.pcap fixture family-34.json GREASE-filtered coherent
Wrote /home/shreyas/projects/CipherCrest/lab/pcaps/family-35.pcap fixture family-35.json GREASE-filtered coherent
Wrote /home/shreyas/projects/CipherCrest/lab/pcaps/family-36.pcap fixture family-36.json GREASE-filtered coherent
Wrote /home/shreyas/projects/CipherCrest/lab/pcaps/family-37.pcap fixture family-37.json GREASE-filtered coherent
Wrote /home/shreyas/projects/CipherCrest/lab/pcaps/family-38.pcap fixture family-38.json GREASE-filtered coherent
Wrote /home/shreyas/projects/CipherCrest/lab/pcaps/family-39.pcap fixture family-39.json GREASE-filtered coherent
Wrote /home/shreyas/projects/CipherCrest/lab/pcaps/family-40.pcap fixture family-40.json GREASE-filtered coherent
Wrote /home/shreyas/projects/CipherCrest/lab/pcaps/family-41.pcap fixture family-41.json GREASE-filtered coherent
Wrote /home/shreyas/projects/CipherCrest/lab/pcaps/family-42.pcap fixture family-42.json GREASE-filtered coherent
Wrote /home/shreyas/projects/CipherCrest/lab/pcaps/family-43.pcap fixture family-43.json GREASE-filtered coherent
Wrote /home/shreyas/projects/CipherCrest/lab/pcaps/family-44.pcap fixture family-44.json GREASE-filtered coherent
Wrote /home/shreyas/projects/CipherCrest/lab/pcaps/family-45.pcap fixture family-45.json GREASE-filtered coherent
Wrote /home/shreyas/projects/CipherCrest/lab/pcaps/family-46.pcap fixture family-46.json GREASE-filtered coherent
Wrote /home/shreyas/projects/CipherCrest/lab/pcaps/family-47.pcap fixture family-47.json GREASE-filtered coherent
Wrote /home/shreyas/projects/CipherCrest/lab/pcaps/family-48.pcap fixture family-48.json GREASE-filtered coherent
Wrote /home/shreyas/projects/CipherCrest/lab/pcaps/family-49.pcap fixture family-49.json GREASE-filtered coherent
Wrote /home/shreyas/projects/CipherCrest/lab/pcaps/family-50.pcap fixture family-50.json GREASE-filtered coherent
Updated /home/shreyas/projects/CipherCrest/lab/manifest.json with 85 envs (added 40 synth coherent)
Updated /home/shreyas/projects/CipherCrest/lab/LEDGER.md with synth families [11, 12, 13, 14, 15, 16, 17, 18, 19, 20, 21, 22, 23, 24, 25, 26, 27, 28, 29, 30, 31, 32, 33, 34, 35, 36, 37, 38, 39, 40, 41, 42, 43, 44, 45, 46, 47, 48, 49, 50]
344K	lab/pcaps/
300K	lab/reassembled/
