Looking in links: wheelhouse
Processing ./wheelhouse/xgboost-1.7.6-py3-none-manylinux2014_x86_64.whl (from -r requirements.txt (line 1))
Processing ./wheelhouse/pyod-2.0.5-py3-none-any.whl (from -r requirements.txt (line 2))
Processing ./wheelhouse/scikit_learn-1.5.0-cp312-cp312-manylinux_2_17_x86_64.manylinux2014_x86_64.whl (from -r requirements.txt (line 3))
Processing ./wheelhouse/cryptography-43.0.3-cp39-abi3-manylinux_2_28_x86_64.whl (from -r requirements.txt (line 4))
Requirement already satisfied: fastapi==0.115.* in /home/shreyas/.pyenv/versions/3.12.9/lib/python3.12/site-packages (from -r requirements.txt (line 5)) (0.115.12)
Requirement already satisfied: pydantic==2.11.* in /home/shreyas/.pyenv/versions/3.12.9/lib/python3.12/site-packages (from -r requirements.txt (line 6)) (2.11.4)
Requirement already satisfied: numpy in /home/shreyas/.pyenv/versions/3.12.9/lib/python3.12/site-packages (from xgboost==1.7.6->-r requirements.txt (line 1)) (2.5.1)
Requirement already satisfied: scipy in /home/shreyas/.pyenv/versions/3.12.9/lib/python3.12/site-packages (from xgboost==1.7.6->-r requirements.txt (line 1)) (1.18.1)
Requirement already satisfied: joblib in /home/shreyas/.pyenv/versions/3.12.9/lib/python3.12/site-packages (from pyod==2.0.5->-r requirements.txt (line 2)) (1.5.3)
Processing ./wheelhouse/matplotlib-3.11.1-cp312-cp312-manylinux2014_x86_64.manylinux_2_17_x86_64.whl (from pyod==2.0.5->-r requirements.txt (line 2))
Processing ./wheelhouse/numba-0.67.0-cp312-cp312-manylinux2014_x86_64.manylinux_2_17_x86_64.whl (from pyod==2.0.5->-r requirements.txt (line 2))
Requirement already satisfied: threadpoolctl>=3.1.0 in /home/shreyas/.pyenv/versions/3.12.9/lib/python3.12/site-packages (from scikit-learn==1.5.0->-r requirements.txt (line 3)) (3.6.0)
Requirement already satisfied: cffi>=1.12 in /home/shreyas/.pyenv/versions/3.12.9/lib/python3.12/site-packages (from cryptography==43.*->-r requirements.txt (line 4)) (2.1.0)
Requirement already satisfied: starlette<0.47.0,>=0.40.0 in /home/shreyas/.pyenv/versions/3.12.9/lib/python3.12/site-packages (from fastapi==0.115.*->-r requirements.txt (line 5)) (0.46.2)
Requirement already satisfied: typing-extensions>=4.8.0 in /home/shreyas/.pyenv/versions/3.12.9/lib/python3.12/site-packages (from fastapi==0.115.*->-r requirements.txt (line 5)) (4.16.0)
Requirement already satisfied: annotated-types>=0.6.0 in /home/shreyas/.pyenv/versions/3.12.9/lib/python3.12/site-packages (from pydantic==2.11.*->-r requirements.txt (line 6)) (0.8.0)
Requirement already satisfied: pydantic-core==2.33.2 in /home/shreyas/.pyenv/versions/3.12.9/lib/python3.12/site-packages (from pydantic==2.11.*->-r requirements.txt (line 6)) (2.33.2)
Requirement already satisfied: typing-inspection>=0.4.0 in /home/shreyas/.pyenv/versions/3.12.9/lib/python3.12/site-packages (from pydantic==2.11.*->-r requirements.txt (line 6)) (0.4.2)
Requirement already satisfied: pycparser in /home/shreyas/.pyenv/versions/3.12.9/lib/python3.12/site-packages (from cffi>=1.12->cryptography==43.*->-r requirements.txt (line 4)) (3.0)
Processing ./wheelhouse/llvmlite-0.49.0-cp312-cp312-manylinux2014_x86_64.manylinux_2_17_x86_64.whl (from numba>=0.51->pyod==2.0.5->-r requirements.txt (line 2))
Requirement already satisfied: anyio<5,>=3.6.2 in /home/shreyas/.pyenv/versions/3.12.9/lib/python3.12/site-packages (from starlette<0.47.0,>=0.40.0->fastapi==0.115.*->-r requirements.txt (line 5)) (4.14.2)
Processing ./wheelhouse/contourpy-1.3.3-cp312-cp312-manylinux_2_27_x86_64.manylinux_2_28_x86_64.whl (from matplotlib->pyod==2.0.5->-r requirements.txt (line 2))
Processing ./wheelhouse/cycler-0.12.1-py3-none-any.whl (from matplotlib->pyod==2.0.5->-r requirements.txt (line 2))
Requirement already satisfied: fonttools>=4.28.2 in /home/shreyas/.pyenv/versions/3.12.9/lib/python3.12/site-packages (from matplotlib->pyod==2.0.5->-r requirements.txt (line 2)) (4.63.0)
Processing ./wheelhouse/kiwisolver-1.5.0-cp312-cp312-manylinux2014_x86_64.manylinux_2_17_x86_64.whl (from matplotlib->pyod==2.0.5->-r requirements.txt (line 2))
Requirement already satisfied: packaging>=20.0 in /home/shreyas/.pyenv/versions/3.12.9/lib/python3.12/site-packages (from matplotlib->pyod==2.0.5->-r requirements.txt (line 2)) (26.2)
Requirement already satisfied: pillow>=9 in /home/shreyas/.pyenv/versions/3.12.9/lib/python3.12/site-packages (from matplotlib->pyod==2.0.5->-r requirements.txt (line 2)) (12.3.0)
Requirement already satisfied: pyparsing>=3 in /home/shreyas/.pyenv/versions/3.12.9/lib/python3.12/site-packages (from matplotlib->pyod==2.0.5->-r requirements.txt (line 2)) (3.3.2)
Requirement already satisfied: python-dateutil>=2.7 in /home/shreyas/.pyenv/versions/3.12.9/lib/python3.12/site-packages (from matplotlib->pyod==2.0.5->-r requirements.txt (line 2)) (2.9.0.post0)
Requirement already satisfied: idna>=2.8 in /home/shreyas/.pyenv/versions/3.12.9/lib/python3.12/site-packages (from anyio<5,>=3.6.2->starlette<0.47.0,>=0.40.0->fastapi==0.115.*->-r requirements.txt (line 5)) (3.18)
Requirement already satisfied: six>=1.5 in /home/shreyas/.pyenv/versions/3.12.9/lib/python3.12/site-packages (from python-dateutil>=2.7->matplotlib->pyod==2.0.5->-r requirements.txt (line 2)) (1.17.0)
Would install contourpy-1.3.3 cryptography-43.0.3 cycler-0.12.1 kiwisolver-1.5.0 llvmlite-0.49.0 matplotlib-3.11.1 numba-0.67.0 pyod-2.0.5 scikit-learn-1.5.0 xgboost-1.7.6
