=== FEATURES_28 len==28 ===
['version', 'cipher_strength', 'kex', 'starttls_mode', 'port', 'cert_missing_reason', 'is_deprecated', 'is_aead', 'fs_flag', 'handshake_success', 'alert_after_starttls', 'ja4_rarity', 'chain_valid', 'san_match', 'days_to_expiry', 'chain_length', 'pubkey_bits', 'sigalg_weak', 'is_expired', 'is_self_signed', 'keysize_weak', 'miss_indicator_chain_valid', 'miss_indicator_san_match', 'miss_indicator_days_to_expiry', 'miss_indicator_pubkey_bits', 'miss_indicator_sigalg', 'miss_indicator_chain_length', 'miss_indicator_ja4_rarity']
=== build_vector ===
build_vector 28 ok
=== enable_categorical hist ===
XGB hist+categorical ok
=== isotonic guard ===
isotonic guard PASS
=== ja4 whitelist ===
ja4 whitelist analyzer ok
ja4 whitelist features ok
=== splits guards ===
unique>=5 ratio<3 ok 5/2
D3_locked disjoint ok
prior disjoint ok
=== censys prior ===
prior_flag ok
chain_valid None ok
san_match None ok
ja4_rarity span ok 0.02..0.9962
=== grouping env_id ===
family_id forbidden ok
D5 temporal ok
=== schema drift ===
schema drift ok
=== metrics shell ===
metrics shell Day7 ok
=== pytest ===
...........                                                              [100%]
11 passed in 0.03s
=== wheelhouse ===
345	wheelhouse
wheelhouse <350 PASS
=== ALL GUARDS GREEN ===
