-rw-r--r--. 1 shreyas shreyas  14K Aug 25 17:43 wheelhouse/annotated_types-0.8.0-py3-none-any.whl
-rw-r--r--. 1 shreyas shreyas 123K Aug 25 17:43 wheelhouse/anyio-4.14.2-py3-none-any.whl
-rw-r--r--. 1 shreyas shreyas 217K Aug 25 17:43 wheelhouse/cffi-2.1.1-cp312-cp312-manylinux2014_x86_64.manylinux_2_17_x86_64.whl
-rw-r--r--. 1 shreyas shreyas 355K Aug 25 17:43 wheelhouse/contourpy-1.3.3-cp312-cp312-manylinux_2_27_x86_64.manylinux_2_28_x86_64.whl
-rw-r--r--. 1 shreyas shreyas 3.9M Aug 25 19:07 wheelhouse/cryptography-43.0.3-cp39-abi3-manylinux_2_28_x86_64.whl
-rw-r--r--. 1 shreyas shreyas 8.2K Aug 25 17:43 wheelhouse/cycler-0.12.1-py3-none-any.whl
-rw-r--r--. 1 shreyas shreyas  94K Aug 25 19:07 wheelhouse/fastapi-0.115.14-py3-none-any.whl
-rw-r--r--. 1 shreyas shreyas 4.8M Aug 25 17:43 wheelhouse/fonttools-4.63.0-cp312-cp312-manylinux2014_x86_64.manylinux_2_17_x86_64.whl
-rw-r--r--. 1 shreyas shreyas  67K Aug 25 17:43 wheelhouse/idna-3.19-py3-none-any.whl
-rw-r--r--. 1 shreyas shreyas 302K Aug 25 17:43 wheelhouse/joblib-1.5.3-py3-none-any.whl
-rw-r--r--. 1 shreyas shreyas 1.5M Aug 25 17:43 wheelhouse/kiwisolver-1.5.0-cp312-cp312-manylinux2014_x86_64.manylinux_2_17_x86_64.whl
-rw-r--r--. 1 shreyas shreyas  58M Aug 25 17:43 wheelhouse/llvmlite-0.49.0-cp312-cp312-manylinux2014_x86_64.manylinux_2_17_x86_64.whl
-rw-r--r--. 1 shreyas shreyas 9.6M Aug 25 17:43 wheelhouse/matplotlib-3.11.1-cp312-cp312-manylinux2014_x86_64.manylinux_2_17_x86_64.whl
-rw-r--r--. 1 shreyas shreyas 3.8M Aug 25 17:43 wheelhouse/numba-0.67.0-cp312-cp312-manylinux2014_x86_64.manylinux_2_17_x86_64.whl
-rw-r--r--. 1 shreyas shreyas  16M Aug 25 17:43 wheelhouse/numpy-2.5.2-cp312-cp312-manylinux_2_27_x86_64.manylinux_2_28_x86_64.whl
-rw-r--r--. 1 shreyas shreyas 127K Aug 25 17:43 wheelhouse/packaging-26.3-py3-none-any.whl
-rw-r--r--. 1 shreyas shreyas 6.7M Aug 25 17:43 wheelhouse/pillow-12.3.0-cp312-cp312-manylinux_2_27_x86_64.manylinux_2_28_x86_64.whl
-rw-r--r--. 1 shreyas shreyas  48K Aug 25 17:43 wheelhouse/pycparser-3.0-py3-none-any.whl
-rw-r--r--. 1 shreyas shreyas 435K Aug 25 19:07 wheelhouse/pydantic-2.11.10-py3-none-any.whl
-rw-r--r--. 1 shreyas shreyas 2.0M Aug 25 17:43 wheelhouse/pydantic_core-2.33.2-cp312-cp312-manylinux_2_17_x86_64.manylinux2014_x86_64.whl
-rw-r--r--. 1 shreyas shreyas 196K Aug 25 17:43 wheelhouse/pyod-2.0.5-py3-none-any.whl
-rw-r--r--. 1 shreyas shreyas 120K Aug 25 17:43 wheelhouse/pyparsing-3.3.2-py3-none-any.whl
-rw-r--r--. 1 shreyas shreyas 225K Aug 25 17:43 wheelhouse/python_dateutil-2.9.0.post0-py2.py3-none-any.whl
-rw-r--r--. 1 shreyas shreyas  13M Aug 25 17:43 wheelhouse/scikit_learn-1.5.0-cp312-cp312-manylinux_2_17_x86_64.manylinux2014_x86_64.whl
-rw-r--r--. 1 shreyas shreyas  34M Aug 25 17:43 wheelhouse/scipy-1.18.1-cp312-cp312-manylinux_2_27_x86_64.manylinux_2_28_x86_64.whl
-rw-r--r--. 1 shreyas shreyas  11K Aug 25 17:43 wheelhouse/six-1.17.0-py2.py3-none-any.whl
-rw-r--r--. 1 shreyas shreyas  71K Aug 25 17:43 wheelhouse/starlette-0.46.2-py3-none-any.whl
-rw-r--r--. 1 shreyas shreyas  19K Aug 25 17:43 wheelhouse/threadpoolctl-3.6.0-py3-none-any.whl
-rw-r--r--. 1 shreyas shreyas  45K Aug 25 17:43 wheelhouse/typing_extensions-4.16.0-py3-none-any.whl
-rw-r--r--. 1 shreyas shreyas  15K Aug 25 17:43 wheelhouse/typing_inspection-0.4.4-py3-none-any.whl
-rw-r--r--. 1 shreyas shreyas 192M Aug 25 17:43 wheelhouse/xgboost-1.7.6-py3-none-manylinux2014_x86_64.whl
