
> ciphercrest-dashboard@0.1.0 build
> vite build

vite v5.4.21 building for production...
transforming...
✓ 1247 modules transformed.
rendering chunks...
computing gzip size...
dist/index.html                                                     1.55 kB │ gzip:   0.72 kB
dist/assets/inter-vietnamese-400-normal-DMkecbls.woff2              4.97 kB
dist/assets/inter-vietnamese-600-normal-Cc8MFFhd.woff2              5.10 kB
dist/assets/inter-vietnamese-700-normal-DlLaEgI2.woff2              5.10 kB
dist/assets/inter-vietnamese-500-normal-DOriooB6.woff2              5.11 kB
dist/assets/inter-greek-ext-400-normal-DGGRlc-M.woff2               5.26 kB
dist/assets/inter-greek-ext-500-normal-C4iEst2y.woff2               5.43 kB
dist/assets/inter-greek-ext-600-normal-DRtmH8MT.woff2               5.43 kB
dist/assets/inter-greek-ext-700-normal-qfdV9bQt.woff2               5.44 kB
dist/assets/ibm-plex-sans-vietnamese-400-normal-fK1oJ5dG.woff       6.39 kB
dist/assets/inter-vietnamese-400-normal-Bbgyi5SW.woff               6.50 kB
dist/assets/ibm-plex-sans-vietnamese-500-normal-BEb3_waV.woff       6.59 kB
dist/assets/inter-vietnamese-500-normal-mJboJaSs.woff               6.60 kB
dist/assets/inter-vietnamese-700-normal-BZaoP0fm.woff               6.63 kB
dist/assets/inter-vietnamese-600-normal-BuLX-rYi.woff               6.64 kB
dist/assets/inter-greek-ext-400-normal-KugGGMne.woff                7.06 kB
dist/assets/inter-greek-ext-500-normal-2j5mBUwD.woff                7.19 kB
dist/assets/inter-greek-ext-600-normal-B8X0CLgF.woff                7.21 kB
dist/assets/inter-greek-ext-700-normal-BoQ6DsYi.woff                7.22 kB
dist/assets/jetbrains-mono-vietnamese-wght-normal-Bt-aOZkq.woff2    7.50 kB
dist/assets/inter-cyrillic-400-normal-obahsSVq.woff2                7.71 kB
dist/assets/inter-greek-400-normal-B4URO6DV.woff2                   7.78 kB
dist/assets/inter-cyrillic-500-normal-BasfLYem.woff2                7.90 kB
dist/assets/inter-cyrillic-700-normal-CjBOestx.woff2                7.90 kB
dist/assets/inter-greek-500-normal-BIZE56-Y.woff2                   7.92 kB
dist/assets/inter-greek-700-normal-C3JjAnD8.woff2                   7.92 kB
dist/assets/inter-greek-600-normal-plRanbMR.woff2                   7.94 kB
dist/assets/inter-cyrillic-600-normal-CWCymEST.woff2                7.97 kB
dist/assets/ibm-plex-sans-vietnamese-400-normal-DG4YqDda.woff2      8.20 kB
dist/assets/ibm-plex-sans-vietnamese-500-normal-e4dixQRQ.woff2      8.42 kB
dist/assets/ibm-plex-sans-greek-400-normal-D9ESIMu3.woff            8.76 kB
dist/assets/jetbrains-mono-greek-wght-normal-Bw9x6K1M.woff2         9.00 kB
dist/assets/ibm-plex-sans-greek-500-normal-CuWXN6rf.woff            9.15 kB
dist/assets/inter-cyrillic-400-normal-HOLc17fK.woff                 9.78 kB
dist/assets/inter-cyrillic-700-normal-DrXBdSj3.woff                 9.91 kB
dist/assets/inter-greek-400-normal-q2sYcFCs.woff                    9.92 kB
dist/assets/inter-cyrillic-600-normal-4D_pXhcN.woff                 9.94 kB
dist/assets/ibm-plex-sans-greek-400-normal-_efipK4i.woff2           9.94 kB
dist/assets/inter-cyrillic-500-normal-CxZf_p3X.woff                 9.94 kB
dist/assets/inter-greek-500-normal-Xzm54t5V.woff                    9.98 kB
dist/assets/inter-greek-700-normal-BUv2fZ6O.woff                    9.98 kB
dist/assets/inter-greek-600-normal-BZpKdvQh.woff                   10.03 kB
dist/assets/inter-cyrillic-ext-400-normal-BQZuk6qB.woff2           10.23 kB
dist/assets/ibm-plex-sans-cyrillic-ext-400-normal-Dsrv2Tcn.woff    10.29 kB
dist/assets/ibm-plex-sans-greek-500-normal-JMMifIXV.woff2          10.38 kB
dist/assets/inter-cyrillic-ext-500-normal-B0yAr1jD.woff2           10.43 kB
dist/assets/inter-cyrillic-ext-600-normal-Dfes3d0z.woff2           10.48 kB
dist/assets/inter-cyrillic-ext-700-normal-BjwYoWNd.woff2           10.50 kB
dist/assets/ibm-plex-sans-cyrillic-ext-500-normal-DB5PtV2g.woff    10.59 kB
dist/assets/jetbrains-mono-cyrillic-wght-normal-D73BlboJ.woff2     12.11 kB
dist/assets/ibm-plex-sans-cyrillic-ext-400-normal-g30qAdWV.woff2   12.15 kB
dist/assets/ibm-plex-sans-cyrillic-ext-500-normal-Cs5J6C77.woff2   12.31 kB
dist/assets/inter-cyrillic-ext-400-normal-DQukG94-.woff            13.34 kB
dist/assets/inter-cyrillic-ext-700-normal-LO58E6JB.woff            13.41 kB
dist/assets/inter-cyrillic-ext-500-normal-BmqWE9Dz.woff            13.45 kB
dist/assets/inter-cyrillic-ext-600-normal-Bcila6Z-.woff            13.46 kB
dist/assets/ibm-plex-sans-cyrillic-400-normal-BTotfTJu.woff        13.51 kB
dist/assets/ibm-plex-sans-cyrillic-500-normal-ByOcLdNv.woff        13.86 kB
dist/assets/ibm-plex-sans-latin-ext-400-normal-RBey6euL.woff       14.36 kB
dist/assets/ibm-plex-sans-latin-ext-500-normal-D0aIdm-b.woff       14.74 kB
dist/assets/ibm-plex-sans-cyrillic-400-normal-DZqxrq2p.woff2       14.80 kB
dist/assets/ibm-plex-sans-cyrillic-500-normal-CocWQlwt.woff2       15.00 kB
dist/assets/jetbrains-mono-latin-ext-wght-normal-DBQx-q_a.woff2    15.20 kB
dist/assets/ibm-plex-sans-latin-ext-400-normal-C5H60-Va.woff2      15.98 kB
dist/assets/ibm-plex-sans-latin-ext-500-normal-DakdToA3.woff2      16.46 kB
dist/assets/ibm-plex-sans-latin-400-normal-CYLoc0-x.woff           22.10 kB
dist/assets/ibm-plex-sans-latin-400-normal-CDDApCn2.woff2          22.59 kB
dist/assets/inter-latin-400-normal-C38fXH4l.woff2                  23.66 kB
dist/assets/ibm-plex-sans-latin-500-normal-BgVn5rGT.woff           23.92 kB
dist/assets/ibm-plex-sans-latin-500-normal-6ng42L7E.woff2          24.18 kB
dist/assets/inter-latin-500-normal-Cerq10X2.woff2                  24.27 kB
dist/assets/inter-latin-700-normal-Yt3aPRUw.woff2                  24.36 kB
dist/assets/inter-latin-600-normal-LgqL8muc.woff2                  24.45 kB
dist/assets/inter-latin-400-normal-CyCys3Eg.woff                   30.70 kB
dist/assets/inter-latin-600-normal-CiBQ2DWP.woff                   31.26 kB
dist/assets/inter-latin-500-normal-BL9OpVg8.woff                   31.28 kB
dist/assets/inter-latin-700-normal-BLAVimhd.woff                   31.32 kB
dist/assets/inter-latin-ext-400-normal-C1nco2VV.woff2              35.00 kB
dist/assets/inter-latin-ext-500-normal-CV4jyFjo.woff2              36.02 kB
dist/assets/inter-latin-ext-700-normal-Ca8adRJv.woff2              36.24 kB
dist/assets/inter-latin-ext-600-normal-D2bJ5OIk.woff2              36.26 kB
dist/assets/jetbrains-mono-latin-wght-normal-B9CIFXIH.woff2        40.40 kB
dist/assets/inter-latin-ext-400-normal-77YHD8bZ.woff               47.56 kB
dist/assets/inter-latin-ext-500-normal-BxGbmqWO.woff               48.49 kB
dist/assets/inter-latin-ext-700-normal-TidjK2hL.woff               48.63 kB
dist/assets/inter-latin-ext-600-normal-CIVaiw4L.woff               48.67 kB
dist/assets/Families-D1A9gUVe.css                                  18.37 kB │ gzip:   3.88 kB
dist/assets/family-06-BhIcXm9X.js                                   1.00 kB │ gzip:   0.59 kB
dist/assets/family-01-hi5SsHB9.js                                   1.04 kB │ gzip:   0.64 kB
dist/assets/family-09-CYzw8Mnd.js                                   1.34 kB │ gzip:   0.76 kB
dist/assets/purify.es-BnINGy_Y.js                                  28.93 kB │ gzip:  11.14 kB
dist/assets/index.es-CEdiF2CG.js                                  150.88 kB │ gzip:  51.63 kB
dist/assets/Families-C7FbQER4.js                                  154.26 kB │ gzip:  43.61 kB
dist/assets/manifest-BykRXLvJ.js                                  279.87 kB │ gzip:  21.93 kB
dist/assets/recharts-CRJ5XuCi.js                                  565.23 kB │ gzip: 158.56 kB
dist/assets/index-B4NxHu5I.js                                     700.68 kB │ gzip: 205.90 kB

(!) Some chunks are larger than 600 kB after minification. Consider:
- Using dynamic import() to code-split the application
- Use build.rollupOptions.output.manualChunks to improve chunking: https://rollupjs.org/configuration-options/#output-manualchunks
- Adjust chunk size limit for this warning via build.chunkSizeWarningLimit.
✓ built in 2.38s
